// Jest Snapshot v1, https://goo.gl/fbAQLP

exports[`CloseChatButton matches snapshot 1`] = `
<DocumentFragment>
  <button
    aria-label="Minimize chat"
    class="
 button-medium
 icon  inline-flex items-center
 justify-center rounded-full p-1
 text-[color:var(--color-tone-2)] hover:bg-[var(--color-secondary-background-hover)]
 active:bg-[var(--color-interactive-pressed)]"
    id="closebutton"
    type="button"
  >
    <span
      class="flex items-center justify-center"
    >
      <span
        class="flex"
      >
        <svg
          fill="currentColor"
          height="16"
          viewBox="0 0 20 20"
          width="16"
          xmlns="http://www.w3.org/2000/svg"
        >
          <path
            d="M10 13.125a.624.624 0 0 1-.442-.183l-5-5 .884-.884L10 11.616l4.558-4.558.884.884-5 5a.624.624 0 0 1-.442.183Z"
          />
        </svg>
      </span>
         
    </span>
          
  </button>
</DocumentFragment>
`;
